// Jest Snapshot v1, https://goo.gl/fbAQLP

exports[`Loader should match snapshot Loader component 1`] = `
<div>
  <div
    class="sc-gsTCUz eAmSFD"
  >
    <div
      class="sc-bdfBwQ hinZSD"
      height="300px"
    />
  </div>
</div>
`;
