// Jest Snapshot v1, https://goo.gl/fbAQLP

exports[`Image should match snapshot Image component 1`] = `
<div>
  <div
    class="sc-bdfBwQ hVBrXR"
  />
</div>
`;
